// Jest Snapshot v1, https://goo.gl/fbAQLP

exports[`<CarDetails /> component should match the snapshot 1`] = `
<div>
  <div>
    <div>
      <div
        className="vehicle-info"
      >
        <div
          className="mx-auto card"
        >
          <h3
            className="card-header text-center"
          >
            2013 Kia Optima
          </h3>
          <div
            className="card-body"
            id="card-overflow-scroll"
          >
            <div
              className="web-width-25 mobile-width-100"
            >
              <img
                alt="2013 Kia Optima"
                className="img-fluid web-float-left mobile-clear-both match-list-height"
                src="http://www.optimaforums.com/forum/attachments/new-member-introductions/11137d1347548855-new-2013-kia-optima-sx-l-titanium-photo.jpg"
              />
            </div>
            <ul
              className="no-list-style card-text list-group web-text-left mobile-text-center"
            >
              <li
                className="veh-info list-group-item"
              >
                Year: 
                2013
              </li>
              <li
                className="veh-info list-group-item"
              >
                Make: 
                Kia
              </li>
              <li
                className="veh-info list-group-item"
              >
                Model: 
                Optima
              </li>
              <li
                className="veh-info list-group-item"
              >
                Mileage: 
                24,235
              </li>
              <li
                className="veh-info list-group-item"
              >
                Drivetrain: 
                FWD
              </li>
              <li
                className="vehicle-body-style veh-info list-group-item"
              >
                Body Style: 
                sedan
              </li>
            </ul>
          </div>
          <div
            className="clear-both mx-auto"
          >
            <span>
              Posted: 
              October 14th, 2016
            </span>
          </div>
        </div>
      </div>
    </div>
  </div>
</div>
`;
