// Jest Snapshot v1, https://goo.gl/fbAQLP

exports[`<LandingPage /> component should match the snapshot 1`] = `
<div>
  <div
    className="search-input form-control"
  >
    <input
      className={undefined}
      onChange={[Function]}
      placeholder="Year, Make, Model, or Drivetrain..."
      type="search"
      value=""
    />
  </div>
  <div
    className="table-responsive-md"
  >
    <table
      className="table table-hover overflow"
    >
      <thead
        className="text-center"
      >
        <tr>
          <th
            className="col-header"
            data-placement="top"
            data-toggle="tooltip"
            onClick={[Function]}
            scope="col"
            title="Click to sort"
          >
            year
          </th>
          <th
            className="col-header"
            data-placement="top"
            data-toggle="tooltip"
            onClick={[Function]}
            scope="col"
            title="Click to sort"
          >
            make
          </th>
          <th
            className="col-header"
            data-placement="top"
            data-toggle="tooltip"
            onClick={[Function]}
            scope="col"
            title="Click to sort"
          >
            model
          </th>
          <th
            className="col-header"
            data-placement="top"
            data-toggle="tooltip"
            onClick={[Function]}
            scope="col"
            title="Click to sort"
          >
            mileage
          </th>
          <th
            className="col-header"
            data-placement="top"
            data-toggle="tooltip"
            onClick={[Function]}
            scope="col"
            title="Click to sort"
          >
            drivetrain
          </th>
          <th
            className="col-header"
            data-placement="top"
            data-toggle="tooltip"
            onClick={[Function]}
            scope="col"
            title="Click to sort"
          >
            Posted
          </th>
        </tr>
      </thead>
      <tbody
        className="text-center"
      >
        <tr
          onClick={[Function]}
        >
          <th
            scope="row"
          >
            2013
          </th>
          <td>
            Kia
          </td>
          <td>
            Optima
          </td>
          <td>
            24235
          </td>
          <td
            className="veh-drivetrain"
          >
            FWD
          </td>
          <td>
            October 14th, 2016
          </td>
        </tr>
        <tr
          onClick={[Function]}
        >
          <th
            scope="row"
          >
            2013
          </th>
          <td>
            Hyundai
          </td>
          <td>
            Accent
          </td>
          <td>
            21587
          </td>
          <td
            className="veh-drivetrain"
          >
            FWD
          </td>
          <td>
            November 14th, 2016
          </td>
        </tr>
      </tbody>
    </table>
  </div>
</div>
`;
