// Jest Snapshot v1, https://goo.gl/fbAQLP

exports[`<LandingPage /> component should match the snapshot 1`] = `
<div>
  <div
    className="search-input form-control"
  >
    <input
      className={undefined}
      onChange={[Function]}
      placeholder="Search by year, make, model, or drivetrain..."
      type="search"
      value=""
    />
  </div>
  <div
    className="table-responsive"
  >
    <table
      className="table table-hover overflow"
    >
      <thead
        className="text-center"
      >
        <tr>
          <th
            onClick={[Function]}
            scope="col"
          >
            year
             
          </th>
          <th
            onClick={[Function]}
            scope="col"
          >
            make
             
          </th>
          <th
            onClick={[Function]}
            scope="col"
          >
            model
             
          </th>
          <th
            onClick={[Function]}
            scope="col"
          >
            mileage
             
          </th>
          <th
            onClick={[Function]}
            scope="col"
          >
            drivetrain
             
          </th>
        </tr>
      </thead>
      <tbody
        className="text-center"
      >
        <tr>
          <th
            scope="row"
          >
            2013
          </th>
          <td>
            Kia
          </td>
          <td>
            Optima
          </td>
          <td>
            24235
          </td>
          <td
            className="veh-drivetrain"
          >
            FWD
          </td>
          <td>
            <a
              href="/cars/2013/Kia/Optima"
            >
              <button
                className="btn btn-outline-info"
                type="button"
              >
                Details
              </button>
            </a>
          </td>
        </tr>
        <tr>
          <th
            scope="row"
          >
            2013
          </th>
          <td>
            Hyundai
          </td>
          <td>
            Accent
          </td>
          <td>
            21587
          </td>
          <td
            className="veh-drivetrain"
          >
            FWD
          </td>
          <td>
            <a
              href="/cars/2013/Hyundai/Accent"
            >
              <button
                className="btn btn-outline-info"
                type="button"
              >
                Details
              </button>
            </a>
          </td>
        </tr>
      </tbody>
    </table>
  </div>
</div>
`;
