// Jest Snapshot v1, https://goo.gl/fbAQLP

exports[`<Car /> component should match the snapshot 1`] = `
<table>
  <tbody>
    <tr
      onClick={[Function]}
    >
      <th
        scope="row"
      >
        2013
      </th>
      <td>
        Kia
      </td>
      <td>
        Optima
      </td>
      <td>
        24235
      </td>
      <td
        className="veh-drivetrain"
      >
        FWD
      </td>
      <td>
        October 14th, 2016
      </td>
    </tr>
  </tbody>
</table>
`;
